// Jest Snapshot v1, https://goo.gl/fbAQLP

exports[`snapshot theme-preval.js 1`] = `
"'use strict';

// this file was prevaled
// This file needs to be a JavaScript file using CommonJS to be compatible with preval
// Cache bust: 2023-02-23 12:00:00 GMT (This file is cached by our deployment tooling, update this timestamp to rebuild this file)
var themePreval = {
  "animation": {
    "easeOutCubic": "cubic-bezier(0.33, 1, 0.68, 1)"
  },
  "borderWidths": [0, "1px"],
  "breakpoints": ["544px", "768px", "1012px", "1280px"],
  "fonts": {
    "normal": "-apple-system, BlinkMacSystemFont, \\"Segoe UI\\", \\"Noto Sans\\", Helvetica, Arial, sans-serif, \\"Apple Color Emoji\\", \\"Segoe UI Emoji\\"",
    "mono": "SFMono-Regular, Consolas, \\"Liberation Mono\\", Menlo, Courier, monospace"
  },
  "fontSizes": ["12px", "14px", "16px", "20px", "24px", "32px", "40px", "48px"],
  "fontWeights": {
    "light": 300,
    "normal": 400,
    "semibold": 500,
    "bold": 600
  },
  "lineHeights": {
    "condensedUltra": 1,
    "condensed": 1.25,
    "default": 1.5
  },
  "radii": ["0", "3px", "6px", "100px"],
  "sizes": {
    "small": "544px",
    "medium": "768px",
    "large": "1012px",
    "xlarge": "1280px"
  },
  "space": ["0", "4px", "8px", "16px", "24px", "32px", "40px", "48px", "64px", "80px", "96px", "112px", "128px"],
  "colorSchemes": {
    "light": {
      "colors": {
        "canvasDefaultTransparent": "var(--canvasDefaultTransp,rgba(255,255,255,0))",
        "pageHeaderBg": "var(--pageHeaderBg,#f6f8fa)",
        "marketingIcon": {
          "primary": "var(--marketingIcon-primary,#218bff)",
          "secondary": "var(--marketingIcon-secondary,#54aeff)"
        },
        "diffBlob": {
          "addition": {
            "numText": "var(--diffBlob-addition-numText,#24292f)",
            "fg": "var(--diffBlob-addition-fg,#24292f)",
            "numBg": "var(--diffBlob-addition-numBg,#ccffd8)",
            "lineBg": "var(--diffBlob-addition-lineBg,#e6ffec)",
            "wordBg": "var(--diffBlob-addition-wordBg,#abf2bc)"
          },
          "deletion": {
            "numText": "var(--diffBlob-deletion-numText,#24292f)",
            "fg": "var(--diffBlob-deletion-fg,#24292f)",
            "numBg": "var(--diffBlob-deletion-numBg,#ffd7d5)",
            "lineBg": "var(--diffBlob-deletion-lineBg,#ffebe9)",
            "wordBg": "var(--diffBlob-deletion-wordBg,rgba(255,129,130,0.4))"
          },
          "hunk": {
            "numBg": "var(--diffBlob-hunk-numBg,rgba(84,174,255,0.4))"
          },
          "expander": {
            "icon": "var(--diffBlob-expander-icon,#57606a)"
          }
        },
        "diffstat": {
          "deletionBorder": "var(--diffstat-deletionBorder,rgba(27,31,36,0.15))",
          "additionBorder": "var(--diffstat-additionBorder,rgba(27,31,36,0.15))",
          "additionBg": "var(--diffstat-additionBg,#2da44e)"
        },
        "searchKeyword": {
          "hl": "var(--searchKeyword-hl,#fff8c5)"
        },
        "prettylights": {
          "syntax": {
            "comment": "var(--prettylights-syntax-comment,#6e7781)",
            "constant": "var(--prettylights-syntax-constant,#0550ae)",
            "entity": "var(--prettylights-syntax-entity,#8250df)",
            "storageModifierImport": "var(--prettylights-syntax-storageModifierImpo,#24292f)",
            "entityTag": "var(--prettylights-syntax-entityTag,#116329)",
            "keyword": "var(--prettylights-syntax-keyword,#cf222e)",
            "string": "var(--prettylights-syntax-string,#0a3069)",
            "variable": "var(--prettylights-syntax-variable,#953800)",
            "brackethighlighterUnmatched": "var(--prettylights-syntax-brackethighlighterU,#82071e)",
            "invalidIllegalText": "var(--prettylights-syntax-invalidIllegalText,#f6f8fa)",
            "invalidIllegalBg": "var(--prettylights-syntax-invalidIllegalBg,#82071e)",
            "carriageReturnText": "var(--prettylights-syntax-carriageReturnText,#f6f8fa)",
            "carriageReturnBg": "var(--prettylights-syntax-carriageReturnBg,#cf222e)",
            "stringRegexp": "var(--prettylights-syntax-stringRegexp,#116329)",
            "markupList": "var(--prettylights-syntax-markupList,#3b2300)",
            "markupHeading": "var(--prettylights-syntax-markupHeading,#0550ae)",
            "markupItalic": "var(--prettylights-syntax-markupItalic,#24292f)",
            "markupBold": "var(--prettylights-syntax-markupBold,#24292f)",
            "markupDeletedText": "var(--prettylights-syntax-markupDeletedText,#82071e)",
            "markupDeletedBg": "var(--prettylights-syntax-markupDeletedBg,#ffebe9)",
            "markupInsertedText": "var(--prettylights-syntax-markupInsertedText,#116329)",
            "markupInsertedBg": "var(--prettylights-syntax-markupInsertedBg,#dafbe1)",
            "markupChangedText": "var(--prettylights-syntax-markupChangedText,#953800)",
            "markupChangedBg": "var(--prettylights-syntax-markupChangedBg,#ffd8b5)",
            "markupIgnoredText": "var(--prettylights-syntax-markupIgnoredText,#eaeef2)",
            "markupIgnoredBg": "var(--prettylights-syntax-markupIgnoredBg,#0550ae)",
            "metaDiffRange": "var(--prettylights-syntax-metaDiffRange,#8250df)",
            "brackethighlighterAngle": "var(--prettylights-syntax-brackethighlighterA,#57606a)",
            "sublimelinterGutterMark": "var(--prettylights-syntax-sublimelinterGutter,#8c959f)",
            "constantOtherReferenceLink": "var(--prettylights-syntax-constantOtherRefere,#0a3069)"
          }
        },
        "codemirror": {
          "text": "var(--codemirror-text,#24292f)",
          "bg": "var(--codemirror-bg,#ffffff)",
          "guttersBg": "var(--codemirror-guttersBg,#ffffff)",
          "guttermarkerText": "var(--codemirror-guttermarkerText,#ffffff)",
          "guttermarkerSubtleText": "var(--codemirror-guttermarkerSubtleT,#6e7781)",
          "linenumberText": "var(--codemirror-linenumberText,#57606a)",
          "cursor": "var(--codemirror-cursor,#24292f)",
          "selectionBg": "var(--codemirror-selectionBg,rgba(84,174,255,0.4))",
          "activelineBg": "var(--codemirror-activelineBg,rgba(234,238,242,0.5))",
          "matchingbracketText": "var(--codemirror-matchingbracketText,#24292f)",
          "linesBg": "var(--codemirror-linesBg,#ffffff)",
          "syntax": {
            "comment": "var(--codemirror-syntax-comment,#24292f)",
            "constant": "var(--codemirror-syntax-constant,#0550ae)",
            "entity": "var(--codemirror-syntax-entity,#8250df)",
            "keyword": "var(--codemirror-syntax-keyword,#cf222e)",
            "storage": "var(--codemirror-syntax-storage,#cf222e)",
            "string": "var(--codemirror-syntax-string,#0a3069)",
            "support": "var(--codemirror-syntax-support,#0550ae)",
            "variable": "var(--codemirror-syntax-variable,#953800)"
          }
        },
        "checks": {
          "bg": "var(--checks-bg,#24292f)",
          "textPrimary": "var(--checks-textPrimary,#f6f8fa)",
          "textSecondary": "var(--checks-textSecondary,#8c959f)",
          "textLink": "var(--checks-textLink,#54aeff)",
          "btnIcon": "var(--checks-btnIcon,#afb8c1)",
          "btnHoverIcon": "var(--checks-btnHoverIcon,#f6f8fa)",
          "btnHoverBg": "var(--checks-btnHoverBg,rgba(255,255,255,0.125))",
          "inputText": "var(--checks-inputText,#eaeef2)",
          "inputPlaceholderText": "var(--checks-inputPlaceholderTex,#8c959f)",
          "inputFocusText": "var(--checks-inputFocusText,#8c959f)",
          "inputBg": "var(--checks-inputBg,#32383f)",
          "donutError": "var(--checks-donutError,#fa4549)",
          "donutPending": "var(--checks-donutPending,#bf8700)",
          "donutSuccess": "var(--checks-donutSuccess,#2da44e)",
          "donutNeutral": "var(--checks-donutNeutral,#afb8c1)",
          "dropdownText": "var(--checks-dropdownText,#afb8c1)",
          "dropdownBg": "var(--checks-dropdownBg,#32383f)",
          "dropdownBorder": "var(--checks-dropdownBorder,#424a53)",
          "dropdownShadow": "var(--checks-dropdownShadow,rgba(27,31,36,0.3))",
          "dropdownHoverText": "var(--checks-dropdownHoverText,#f6f8fa)",
          "dropdownHoverBg": "var(--checks-dropdownHoverBg,#424a53)",
          "dropdownBtnHoverText": "var(--checks-dropdownBtnHoverTex,#f6f8fa)",
          "dropdownBtnHoverBg": "var(--checks-dropdownBtnHoverBg,#32383f)",
          "scrollbarThumbBg": "var(--checks-scrollbarThumbBg,#57606a)",
          "headerLabelText": "var(--checks-headerLabelText,#d0d7de)",
          "headerLabelOpenText": "var(--checks-headerLabelOpenText,#f6f8fa)",
          "headerBorder": "var(--checks-headerBorder,#32383f)",
          "headerIcon": "var(--checks-headerIcon,#8c959f)",
          "lineText": "var(--checks-lineText,#d0d7de)",
          "lineNumText": "var(--checks-lineNumText,rgba(140,149,159,0.75))",
          "lineTimestampText": "var(--checks-lineTimestampText,#8c959f)",
          "lineHoverBg": "var(--checks-lineHoverBg,#32383f)",
          "lineSelectedBg": "var(--checks-lineSelectedBg,rgba(33,139,255,0.15))",
          "lineSelectedNumText": "var(--checks-lineSelectedNumText,#54aeff)",
          "lineDtFmText": "var(--checks-lineDtFmText,#24292f)",
          "lineDtFmBg": "var(--checks-lineDtFmBg,#9a6700)",
          "gateBg": "var(--checks-gateBg,rgba(125,78,0,0.15))",
          "gateText": "var(--checks-gateText,#d0d7de)",
          "gateWaitingText": "var(--checks-gateWaitingText,#d4a72c)",
          "stepHeaderOpenBg": "var(--checks-stepHeaderOpenBg,#32383f)",
          "stepErrorText": "var(--checks-stepErrorText,#ff8182)",
          "stepWarningText": "var(--checks-stepWarningText,#d4a72c)",
          "loglineText": "var(--checks-loglineText,#8c959f)",
          "loglineNumText": "var(--checks-loglineNumText,rgba(140,149,159,0.75))",
          "loglineDebugText": "var(--checks-loglineDebugText,#c297ff)",
          "loglineErrorText": "var(--checks-loglineErrorText,#d0d7de)",
          "loglineErrorNumText": "var(--checks-loglineErrorNumText,#ff8182)",
          "loglineErrorBg": "var(--checks-loglineErrorBg,rgba(164,14,38,0.15))",
          "loglineWarningText": "var(--checks-loglineWarningText,#d0d7de)",
          "loglineWarningNumText": "var(--checks-loglineWarningNumTe,#d4a72c)",
          "loglineWarningBg": "var(--checks-loglineWarningBg,rgba(125,78,0,0.15))",
          "loglineCommandText": "var(--checks-loglineCommandText,#54aeff)",
          "loglineSectionText": "var(--checks-loglineSectionText,#4ac26b)",
          "ansi": {
            "black": "var(--checks-ansi-black,#24292f)",
            "blackBright": "var(--checks-ansi-blackBright,#32383f)",
            "white": "var(--checks-ansi-white,#d0d7de)",
            "whiteBright": "var(--checks-ansi-whiteBright,#d0d7de)",
            "gray": "var(--checks-ansi-gray,#8c959f)",
            "red": "var(--checks-ansi-red,#ff8182)",
            "redBright": "var(--checks-ansi-redBright,#ffaba8)",
            "green": "var(--checks-ansi-green,#4ac26b)",
            "greenBright": "var(--checks-ansi-greenBright,#6fdd8b)",
            "yellow": "var(--checks-ansi-yellow,#d4a72c)",
            "yellowBright": "var(--checks-ansi-yellowBright,#eac54f)",
            "blue": "var(--checks-ansi-blue,#54aeff)",
            "blueBright": "var(--checks-ansi-blueBright,#80ccff)",
            "magenta": "var(--checks-ansi-magenta,#c297ff)",
            "magentaBright": "var(--checks-ansi-magentaBright,#d8b9ff)",
            "cyan": "var(--checks-ansi-cyan,#76e3ea)",
            "cyanBright": "var(--checks-ansi-cyanBright,#b3f0ff)"
          }
        },
        "project": {
          "headerBg": "var(--project-headerBg,#24292f)",
          "sidebarBg": "var(--project-sidebarBg,#ffffff)",
          "gradientIn": "var(--project-gradientIn,#ffffff)",
          "gradientOut": "var(--project-gradientOut,rgba(255,255,255,0))"
        },
        "mktg": {
          "btn": {
            "bg": "var(--mktg-btn-bg,#1b1f23)"
          }
        },
        "control": {
          "borderColor": {
            "emphasis": "var(--control-borderColor-emphasis,#858F99)"
          }
        },
        "avatar": {
          "bg": "var(--avatar-bg,#ffffff)",
          "border": "var(--avatar-border,rgba(27,31,36,0.15))",
          "stackFade": "var(--avatar-stackFade,#afb8c1)",
          "stackFadeMore": "var(--avatar-stackFadeMore,#d0d7de)"
        },
        "topicTag": {
          "border": "var(--topicTag-border,rgba(0,0,0,0))"
        },
        "counter": {
          "border": "var(--counter-border,rgba(0,0,0,0))"
        },
        "selectMenu": {
          "backdropBorder": "var(--selectMenu-backdropBorder,rgba(0,0,0,0))",
          "tapHighlight": "var(--selectMenu-tapHighlight,rgba(175,184,193,0.5))",
          "tapFocusBg": "var(--selectMenu-tapFocusBg,#b6e3ff)"
        },
        "header": {
          "text": "var(--header-text,rgba(255,255,255,0.7))",
          "bg": "var(--header-bg,#24292f)",
          "divider": "var(--header-divider,#57606a)",
          "logo": "var(--header-logo,#ffffff)"
        },
        "headerSearch": {
          "bg": "var(--headerSearch-bg,#24292f)",
          "border": "var(--headerSearch-border,#57606a)"
        },
        "sidenav": {
          "selectedBg": "var(--sidenav-selectedBg,#ffffff)"
        },
        "menu": {
          "bgActive": "var(--menu-bgActive,rgba(0,0,0,0))"
        },
        "input": {
          "disabledBg": "var(--input-disabledBg,rgba(175,184,193,0.2))"
        },
        "timeline": {
          "badgeBg": "var(--timeline-badgeBg,#eaeef2)"
        },
        "ansi": {
          "black": "var(--ansi-black,#24292f)",
          "blackBright": "var(--ansi-blackBright,#57606a)",
          "white": "var(--ansi-white,#6e7781)",
          "whiteBright": "var(--ansi-whiteBright,#8c959f)",
          "gray": "var(--ansi-gray,#6e7781)",
          "red": "var(--ansi-red,#cf222e)",
          "redBright": "var(--ansi-redBright,#a40e26)",
          "green": "var(--ansi-green,#116329)",
          "greenBright": "var(--ansi-greenBright,#1a7f37)",
          "yellow": "var(--ansi-yellow,#4d2d00)",
          "yellowBright": "var(--ansi-yellowBright,#633c01)",
          "blue": "var(--ansi-blue,#0969da)",
          "blueBright": "var(--ansi-blueBright,#218bff)",
          "magenta": "var(--ansi-magenta,#8250df)",
          "magentaBright": "var(--ansi-magentaBright,#a475f9)",
          "cyan": "var(--ansi-cyan,#1b7c83)",
          "cyanBright": "var(--ansi-cyanBright,#3192aa)"
        },
        "btn": {
          "text": "var(--btn-text,#24292f)",
          "bg": "var(--btn-bg,#f6f8fa)",
          "border": "var(--btn-border,rgba(27,31,36,0.15))",
          "hoverBg": "var(--btn-hoverBg,#f3f4f6)",
          "hoverBorder": "var(--btn-hoverBorder,rgba(27,31,36,0.15))",
          "activeBg": "var(--btn-activeBg,hsla(220,14%,93%,1))",
          "activeBorder": "var(--btn-activeBorder,rgba(27,31,36,0.15))",
          "selectedBg": "var(--btn-selectedBg,hsla(220,14%,94%,1))",
          "counterBg": "var(--btn-counterBg,rgba(27,31,36,0.08))",
          "primary": {
            "text": "var(--btn-primary-text,#ffffff)",
            "bg": "var(--btn-primary-bg,#2da44e)",
            "border": "var(--btn-primary-border,rgba(27,31,36,0.15))",
            "hoverBg": "var(--btn-primary-hoverBg,#2c974b)",
            "hoverBorder": "var(--btn-primary-hoverBorder,rgba(27,31,36,0.15))",
            "selectedBg": "var(--btn-primary-selectedBg,hsla(137,55%,36%,1))",
            "disabledText": "var(--btn-primary-disabledText,rgba(255,255,255,0.8))",
            "disabledBg": "var(--btn-primary-disabledBg,#94d3a2)",
            "disabledBorder": "var(--btn-primary-disabledBorder,rgba(27,31,36,0.15))",
            "icon": "var(--btn-primary-icon,rgba(255,255,255,0.8))",
            "counterBg": "var(--btn-primary-counterBg,rgba(255,255,255,0.2))"
          },
          "outline": {
            "text": "var(--btn-outline-text,#0969da)",
            "hoverText": "var(--btn-outline-hoverText,#ffffff)",
            "hoverBg": "var(--btn-outline-hoverBg,#0969da)",
            "hoverBorder": "var(--btn-outline-hoverBorder,rgba(27,31,36,0.15))",
            "hoverCounterBg": "var(--btn-outline-hoverCounterBg,rgba(255,255,255,0.2))",
            "selectedText": "var(--btn-outline-selectedText,#ffffff)",
            "selectedBg": "var(--btn-outline-selectedBg,hsla(212,92%,42%,1))",
            "selectedBorder": "var(--btn-outline-selectedBorder,rgba(27,31,36,0.15))",
            "disabledText": "var(--btn-outline-disabledText,rgba(9,105,218,0.5))",
            "disabledBg": "var(--btn-outline-disabledBg,#f6f8fa)",
            "disabledCounterBg": "var(--btn-outline-disabledCounterBg,rgba(9,105,218,0.05))",
            "counterBg": "var(--btn-outline-counterBg,rgba(9,105,218,0.1))"
          },
          "danger": {
            "text": "var(--btn-danger-text,#cf222e)",
            "hoverText": "var(--btn-danger-hoverText,#ffffff)",
            "hoverBg": "var(--btn-danger-hoverBg,#a40e26)",
            "hoverBorder": "var(--btn-danger-hoverBorder,rgba(27,31,36,0.15))",
            "hoverCounterBg": "var(--btn-danger-hoverCounterBg,rgba(255,255,255,0.2))",
            "selectedText": "var(--btn-danger-selectedText,#ffffff)",
            "selectedBg": "var(--btn-danger-selectedBg,hsla(356,72%,44%,1))",
            "selectedBorder": "var(--btn-danger-selectedBorder,rgba(27,31,36,0.15))",
            "disabledText": "var(--btn-danger-disabledText,rgba(207,34,46,0.5))",
            "disabledBg": "var(--btn-danger-disabledBg,#f6f8fa)",
            "disabledCounterBg": "var(--btn-danger-disabledCounterBg,rgba(207,34,46,0.05))",
            "counterBg": "var(--btn-danger-counterBg,rgba(207,34,46,0.1))",
            "icon": "var(--btn-danger-icon,#cf222e)",
            "hoverIcon": "var(--btn-danger-hoverIcon,#ffffff)"
          }
        },
        "underlinenav": {
          "icon": "var(--underlinenav-icon,#6e7781)",
          "borderHover": "var(--underlinenav-borderHover,rgba(175,184,193,0.2))"
        },
        "actionListItem": {
          "inlineDivider": "var(--actionListItem-inlineDivider,rgba(208,215,222,0.48))",
          "default": {
            "hoverBg": "var(--actionListItem-default-hoverBg,rgba(208,215,222,0.32))",
            "hoverBorder": "var(--actionListItem-default-hoverBorder,rgba(0,0,0,0))",
            "activeBg": "var(--actionListItem-default-activeBg,rgba(208,215,222,0.48))",
            "activeBorder": "var(--actionListItem-default-activeBorder,rgba(0,0,0,0))",
            "selectedBg": "var(--actionListItem-default-selectedBg,rgba(208,215,222,0.24))"
          },
          "danger": {
            "hoverBg": "var(--actionListItem-danger-hoverBg,rgba(255,235,233,0.64))",
            "activeBg": "var(--actionListItem-danger-activeBg,#ffebe9)",
            "hoverText": "var(--actionListItem-danger-hoverText,#cf222e)"
          }
        },
        "switchTrack": {
          "bg": "var(--switchTrack-bg,#eaeef2)",
          "hoverBg": "var(--switchTrack-hoverBg,hsla(210,24%,90%,1))",
          "activeBg": "var(--switchTrack-activeBg,hsla(210,24%,88%,1))",
          "disabledBg": "var(--switchTrack-disabledBg,#8c959f)",
          "fg": "var(--switchTrack-fg,#57606a)",
          "disabledFg": "var(--switchTrack-disabledFg,#ffffff)",
          "border": "var(--switchTrack-border,rgba(0,0,0,0))",
          "checked": {
            "bg": "var(--switchTrack-checked-bg,#0969da)",
            "hoverBg": "var(--switchTrack-checked-hoverBg,#0860CA)",
            "activeBg": "var(--switchTrack-checked-activeBg,#0757BA)",
            "fg": "var(--switchTrack-checked-fg,#ffffff)",
            "disabledFg": "var(--switchTrack-checked-disabledFg,#ffffff)",
            "border": "var(--switchTrack-checked-border,rgba(0,0,0,0))"
          }
        },
        "switchKnob": {
          "bg": "var(--switchKnob-bg,#ffffff)",
          "disabledBg": "var(--switchKnob-disabledBg,#f6f8fa)",
          "border": "var(--switchKnob-border,#858F99)",
          "checked": {
            "bg": "var(--switchKnob-checked-bg,#ffffff)",
            "disabledBg": "var(--switchKnob-checked-disabledBg,#f6f8fa)",
            "border": "var(--switchKnob-checked-border,#0969da)"
          }
        },
        "segmentedControl": {
          "bg": "var(--segmentedControl-bg,#eaeef2)",
          "button": {
            "bg": "var(--segmentedControl-button-bg,#ffffff)",
            "hover": {
              "bg": "var(--segmentedControl-button-hover-bg,rgba(175,184,193,0.2))"
            },
            "active": {
              "bg": "var(--segmentedControl-button-active-bg,rgba(175,184,193,0.4))"
            },
            "selected": {
              "border": "var(--segmentedControl-button-selected-border,#8c959f)"
            }
          }
        },
        "treeViewItem": {
          "chevron": {
            "hoverBg": "var(--treeViewItem-chevron-hoverBg,rgba(208,215,222,0.32))"
          },
          "directory": {
            "fill": "var(--treeViewItem-directory-fill,#54aeff)"
          }
        },
        "fg": {
          "default": "var(--fg-default,#24292f)",
          "muted": "var(--fg-muted,#57606a)",
          "subtle": "var(--fg-subtle,#6e7781)",
          "onEmphasis": "var(--fg-onEmphasis,#ffffff)"
        },
        "canvas": {
          "default": "var(--canvas-default,#ffffff)",
          "overlay": "var(--canvas-overlay,#ffffff)",
          "inset": "var(--canvas-inset,#f6f8fa)",
          "subtle": "var(--canvas-subtle,#f6f8fa)"
        },
        "border": {
          "default": "var(--border-default,#d0d7de)",
          "muted": "var(--border-muted,hsla(210,18%,87%,1))",
          "subtle": "var(--border-subtle,rgba(27,31,36,0.15))"
        },
        "neutral": {
          "emphasisPlus": "var(--neutral-emphasisPlus,#24292f)",
          "emphasis": "var(--neutral-emphasis,#6e7781)",
          "muted": "var(--neutral-muted,rgba(175,184,193,0.2))",
          "subtle": "var(--neutral-subtle,rgba(234,238,242,0.5))"
        },
        "accent": {
          "fg": "var(--accent-fg,#0969da)",
          "emphasis": "var(--accent-emphasis,#0969da)",
          "muted": "var(--accent-muted,rgba(84,174,255,0.4))",
          "subtle": "var(--accent-subtle,#ddf4ff)"
        },
        "success": {
          "fg": "var(--success-fg,#1a7f37)",
          "emphasis": "var(--success-emphasis,#2da44e)",
          "muted": "var(--success-muted,rgba(74,194,107,0.4))",
          "subtle": "var(--success-subtle,#dafbe1)"
        },
        "attention": {
          "fg": "var(--attention-fg,#9a6700)",
          "emphasis": "var(--attention-emphasis,#bf8700)",
          "muted": "var(--attention-muted,rgba(212,167,44,0.4))",
          "subtle": "var(--attention-subtle,#fff8c5)"
        },
        "severe": {
          "fg": "var(--severe-fg,#bc4c00)",
          "emphasis": "var(--severe-emphasis,#bc4c00)",
          "muted": "var(--severe-muted,rgba(251,143,68,0.4))",
          "subtle": "var(--severe-subtle,#fff1e5)"
        },
        "danger": {
          "fg": "var(--danger-fg,#cf222e)",
          "emphasis": "var(--danger-emphasis,#cf222e)",
          "muted": "var(--danger-muted,rgba(255,129,130,0.4))",
          "subtle": "var(--danger-subtle,#ffebe9)"
        },
        "open": {
          "fg": "var(--open-fg,#1a7f37)",
          "emphasis": "var(--open-emphasis,#2da44e)",
          "muted": "var(--open-muted,rgba(74,194,107,0.4))",
          "subtle": "var(--open-subtle,#dafbe1)"
        },
        "closed": {
          "fg": "var(--closed-fg,#cf222e)",
          "emphasis": "var(--closed-emphasis,#cf222e)",
          "muted": "var(--closed-muted,rgba(255,129,130,0.4))",
          "subtle": "var(--closed-subtle,#ffebe9)"
        },
        "done": {
          "fg": "var(--done-fg,#8250df)",
          "emphasis": "var(--done-emphasis,#8250df)",
          "muted": "var(--done-muted,rgba(194,151,255,0.4))",
          "subtle": "var(--done-subtle,#fbefff)"
        },
        "sponsors": {
          "fg": "var(--sponsors-fg,#bf3989)",
          "emphasis": "var(--sponsors-emphasis,#bf3989)",
          "muted": "var(--sponsors-muted,rgba(255,128,200,0.4))",
          "subtle": "var(--sponsors-subtle,#ffeff7)"
        },
        "primer": {
          "fg": {
            "disabled": "var(--primer-fg-disabled,#8c959f)"
          },
          "canvas": {
            "backdrop": "var(--primer-canvas-backdrop,rgba(27,31,36,0.5))",
            "sticky": "var(--primer-canvas-sticky,rgba(255,255,255,0.95))"
          },
          "border": {
            "active": "var(--primer-border-active,#fd8c73)",
            "contrast": "var(--primer-border-contrast,rgba(27,31,36,0.1))"
          }
        }
      },
      "shadows": {
        "mktg": {
          "btn": {
            "shadow": {
              "outline": "var(--mktg-btn-shadow-outline,rgb(0 0 0 / 15%) 0 0 0 1px inset)",
              "focus": "var(--mktg-btn-shadow-focus,rgb(0 0 0 / 15%) 0 0 0 4px)",
              "hover": "var(--mktg-btn-shadow-hover,0 3px 2px rgba(0, 0, 0, 0.07), 0 7px 5px rgba(0, 0, 0, 0.04), 0 12px 10px rgba(0, 0, 0, 0.03), 0 22px 18px rgba(0, 0, 0, 0.03), 0 42px 33px rgba(0, 0, 0, 0.02), 0 100px 80px rgba(0, 0, 0, 0.02))",
              "hoverMuted": "var(--mktg-btn-shadow-hoverMuted,rgb(0 0 0 / 70%) 0 0 0 2px inset)"
            }
          }
        },
        "avatar": {
          "childShadow": "var(--avatar-childShadow,-2px -2px 0 rgba(255,255,255,0.8))"
        },
        "overlay": {
          "shadow": "var(--overlay-shadow,0 1px 3px rgba(27,31,36,0.12), 0 8px 24px rgba(66,74,83,0.12))"
        },
        "btn": {
          "shadow": "var(--btn-shadow,0 1px 0 rgba(27,31,36,0.04))",
          "insetShadow": "var(--btn-insetShadow,inset 0 1px 0 rgba(255,255,255,0.25))",
          "primary": {
            "shadow": "var(--btn-primary-shadow,0 1px 0 rgba(27,31,36,0.1))",
            "insetShadow": "var(--btn-primary-insetShadow,inset 0 1px 0 rgba(255,255,255,0.03))",
            "selectedShadow": "var(--btn-primary-selectedShadow,inset 0 1px 0 rgba(0,45,17,0.2))"
          },
          "outline": {
            "hoverShadow": "var(--btn-outline-hoverShadow,0 1px 0 rgba(27,31,36,0.1))",
            "hoverInsetShadow": "var(--btn-outline-hoverInsetShadow,inset 0 1px 0 rgba(255,255,255,0.03))",
            "selectedShadow": "var(--btn-outline-selectedShadow,inset 0 1px 0 rgba(0,33,85,0.2))"
          },
          "danger": {
            "hoverShadow": "var(--btn-danger-hoverShadow,0 1px 0 rgba(27,31,36,0.1))",
            "hoverInsetShadow": "var(--btn-danger-hoverInsetShadow,inset 0 1px 0 rgba(255,255,255,0.03))",
            "selectedShadow": "var(--btn-danger-selectedShadow,inset 0 1px 0 rgba(76,0,20,0.2))"
          }
        },
        "shadow": {
          "small": "var(--shadow-small,0 1px 0 rgba(27,31,36,0.04))",
          "medium": "var(--shadow-medium,0 3px 6px rgba(140,149,159,0.15))",
          "large": "var(--shadow-large,0 8px 24px rgba(140,149,159,0.2))",
          "extraLarge": "var(--shadow-extraLarge,0 12px 28px rgba(140,149,159,0.3))"
        },
        "primer": {
          "shadow": {
            "highlight": "var(--primer-shadow-highlight,inset 0 1px 0 rgba(255,255,255,0.25))",
            "inset": "var(--primer-shadow-inset,inset 0 1px 0 rgba(208,215,222,0.2))"
          }
        }
      }
    }
  }
};

var theme = themePreval;

module.exports = theme;
"
`;
